******************************************************************************
                  TI ARM Linker PC v20.2.5                     
******************************************************************************
>> Linked Fri Oct 29 21:23:42 2021

OUTPUT FILE NAME:   <hgOdev2.out>
ENTRY POINT SYMBOL: "_c_int00_noargs"  address: 000019a5


MEMORY CONFIGURATION

         name            origin    length      used     unused   attr    fill
----------------------  --------  ---------  --------  --------  ----  --------
  FLASH                 00000000   00040000  00001d24  0003e2dc  R  X
  SRAM                  20000000   00008000  00000478  00007b88  RW X


SEGMENT ALLOCATION MAP

run origin  load origin   length   init length attrs members
----------  ----------- ---------- ----------- ----- -------
00000000    00000000    00001d24   00001d24    r-x
  00000000    00000000    0000026c   0000026c    r-- .intvecs
  0000026c    0000026c    00001808   00001808    r-x .text
  00001a74    00001a74    0000028c   0000028c    r-- .const
  00001d00    00001d00    00000024   00000024    r-- .cinit
20000000    20000000    0000047c   00000000    rw-
  20000000    20000000    0000026c   00000000    rw- .vtable
  20000270    20000270    00000200   00000000    rw- .stack
  20000470    20000470    0000000c   00000000    rw- .bss


SECTION ALLOCATION MAP

 output                                  attributes/
section   page    origin      length       input sections
--------  ----  ----------  ----------   ----------------
.intvecs   0    00000000    0000026c     
                  00000000    0000026c     tm4c123gh6pm_startup_ccs.obj (.intvecs)

.text      0    0000026c    00001808     
                  0000026c    00000fdc     main.obj (.text)
                  00001248    0000023c     zamanlayici.obj (.text)
                  00001484    000001d0     lcd.obj (.text)
                  00001654    0000016c     driverlib.lib : gpio.obj (.text:GPIOPadConfigSet)
                  000017c0    0000009c     rtsv7M4_T_le_v4SPD16_eabi.lib : memcpy_t2.asm.obj (.text)
                  0000185c    00000068     driverlib.lib : interrupt.obj (.text:IntDisable)
                  000018c4    00000068                   : interrupt.obj (.text:IntEnable)
                  0000192c    00000044     rtsv7M4_T_le_v4SPD16_eabi.lib : autoinit.c.obj (.text:__TI_auto_init_nobinit_nopinit:__TI_auto_init_nobinit_nopinit)
                  00001970    00000034     driverlib.lib : interrupt.obj (.text:IntRegister)
                  000019a4    00000034     rtsv7M4_T_le_v4SPD16_eabi.lib : boot_cortex_m.c.obj (.text:_c_int00_noargs:_c_int00_noargs)
                  000019d8    0000002c     driverlib.lib : gpio.obj (.text:GPIODirModeSet)
                  00001a04    0000001c     rtsv7M4_T_le_v4SPD16_eabi.lib : copy_zero_init.c.obj (.text:decompress:ZI:__TI_zero_init_nomemset:__TI_zero_init_nomemset)
                  00001a20    0000001a     driverlib.lib : gpio.obj (.text:GPIOPinTypeGPIOOutput)
                  00001a3a    00000002                   : interrupt.obj (.text:_IntDefaultHandler)
                  00001a3c    00000014                   : interrupt.obj (.text:IntUnregister)
                  00001a50    0000000c     tm4c123gh6pm_startup_ccs.obj (.text)
                  00001a5c    00000006     driverlib.lib : gpio.obj (.text:GPIOPinWrite)
                  00001a62    00000006     main.obj (.text:SysCtlDelay)
                  00001a68    00000004     driverlib.lib : cpu.obj (.text:CPUwfi)
                  00001a6c    00000004     rtsv7M4_T_le_v4SPD16_eabi.lib : pre_init.c.obj (.text:_system_pre_init)
                  00001a70    00000004                                   : exit.c.obj (.text:abort:abort)

.const     0    00001a74    0000028c     
                  00001a74    000001b0     main.obj (.const:g_pppui32XTALtoVCO)
                  00001c24    0000006c     main.obj (.const:g_pui32Xtals)
                  00001c90    00000030     main.obj (.const:g_sXTALtoMEMTIM)
                  00001cc0    00000014     driverlib.lib : interrupt.obj (.const:g_pui32Dii16Regs)
                  00001cd4    00000014                   : interrupt.obj (.const:g_pui32EnRegs)
                  00001ce8    0000000e     main.obj (.const:.string:$P$T0$1)
                  00001cf6    00000002     --HOLE-- [fill = 0]
                  00001cf8    00000008     main.obj (.const:g_pui32VCOFrequencies)

.cinit     0    00001d00    00000024     
                  00001d00    00000008     (.cinit..bss.load) [load image, compression = zero_init]
                  00001d08    00000008     (.cinit..vtable.load) [load image, compression = zero_init]
                  00001d10    00000004     (__TI_handler_table)
                  00001d14    00000010     (__TI_cinit_table)

.init_array 
*          0    00000000    00000000     UNINITIALIZED

.vtable    0    20000000    0000026c     UNINITIALIZED
                  20000000    0000026c     driverlib.lib : interrupt.obj (.vtable)

.bss       0    20000470    0000000c     UNINITIALIZED
                  20000470    00000004     (.common:dakika)
                  20000474    00000004     (.common:saat)
                  20000478    00000004     (.common:saniye)

.stack     0    20000270    00000200     UNINITIALIZED
                  20000270    00000004     rtsv7M4_T_le_v4SPD16_eabi.lib : boot_cortex_m.c.obj (.stack)
                  20000274    000001fc     --HOLE--

__llvm_prf_cnts 
*          0    20000000    00000000     UNINITIALIZED

MODULE SUMMARY

       Module                         code   ro data   rw data
       ------                         ----   -------   -------
    .\
       main.obj                       4066   610       12     
       tm4c123gh6pm_startup_ccs.obj   12     620       0      
       zamanlayici.obj                572    0         0      
       lcd.obj                        464    0         0      
    +--+------------------------------+------+---------+---------+
       Total:                         5114   1230      12     
                                                              
    D:/ti_TivaWare_C_Series-2.2.0.295/driverlib/ccs/Debug/driverlib.lib
       interrupt.obj                  282    40        620    
       gpio.obj                       440    0         0      
       cpu.obj                        4      0         0      
    +--+------------------------------+------+---------+---------+
       Total:                         726    40        620    
                                                              
    D:\CCS10\ccs\tools\compiler\ti-cgt-arm_20.2.5.LTS\lib\rtsv7M4_T_le_v4SPD16_eabi.lib
       memcpy_t2.asm.obj              156    0         0      
       autoinit.c.obj                 68     0         0      
       boot_cortex_m.c.obj            52     0         0      
       copy_zero_init.c.obj           28     0         0      
       exit.c.obj                     4      0         0      
       pre_init.c.obj                 4      0         0      
    +--+------------------------------+------+---------+---------+
       Total:                         312    0         0      
                                                              
       Stack:                         0      0         512    
       Linker Generated:              0      36        0      
    +--+------------------------------+------+---------+---------+
       Grand Total:                   6152   1306      1144   


LINKER GENERATED COPY TABLES

__TI_cinit_table @ 00001d14 records: 2, size/record: 8, table size: 16
	.bss: load addr=00001d00, load size=00000008 bytes, run addr=20000470, run size=0000000c bytes, compression=zero_init
	.vtable: load addr=00001d08, load size=00000008 bytes, run addr=20000000, run size=0000026c bytes, compression=zero_init


LINKER GENERATED HANDLER TABLE

__TI_handler_table @ 00001d10 records: 1, size/record: 4, table size: 4
	index: 0, handler: __TI_zero_init


GLOBAL SYMBOLS: SORTED ALPHABETICALLY BY Name 

address   name                            
-------   ----                            
00001a71  C$$EXIT                         
00001a69  CPUwfi                          
000019d9  GPIODirModeSet                  
00001655  GPIOPadConfigSet                
00001a21  GPIOPinTypeGPIOOutput           
00001a5d  GPIOPinWrite                    
0000185d  IntDisable                      
000018c5  IntEnable                       
00001971  IntRegister                     
00001a3d  IntUnregister                   
00001617  Lcd_Cok_Karakter_Yaz            
0000152b  Lcd_Komut_Gonder                
000015c3  Lcd_Satir_Sutuna_Git            
00001573  Lcd_Tek_Karakter_Yaz            
00001607  Lcd_Temizle                     
000014e5  Lcd_ilk_ayarlar                 
00001a51  ResetISR                        
000011a9  SysCtlAltClkConfig              
000008d1  SysCtlClockFreqSet              
00000d99  SysCtlClockGet                  
0000118d  SysCtlClockOutConfig            
00000bc9  SysCtlClockSet                  
000007d5  SysCtlDeepSleep                 
00000f5d  SysCtlDeepSleepClockConfigSet   
00000f3f  SysCtlDeepSleepClockSet         
000007b5  SysCtlDeepSleepPowerSet         
00001a63  SysCtlDelay                     
00000363  SysCtlFlashSectorSizeGet        
00000337  SysCtlFlashSizeGet              
00001033  SysCtlGPIOAHBDisable            
00001017  SysCtlGPIOAHBEnable             
00000749  SysCtlIntClear                  
00000731  SysCtlIntDisable                
0000071d  SysCtlIntEnable                 
000006f5  SysCtlIntRegister               
00000759  SysCtlIntStatus                 
0000070d  SysCtlIntUnregister             
0000079b  SysCtlLDODeepSleepGet           
0000078b  SysCtlLDODeepSleepSet           
00000785  SysCtlLDOSleepGet               
00000775  SysCtlLDOSleepSet               
0000080b  SysCtlMOSCConfigSet             
00001171  SysCtlNMIClear                  
0000115d  SysCtlNMIStatus                 
00000821  SysCtlPIOSCCalibrate            
00001001  SysCtlPWMClockGet               
00000fe7  SysCtlPWMClockSet               
000006a1  SysCtlPeripheralClockGating     
00000659  SysCtlPeripheralDeepSleepDisable
00000609  SysCtlPeripheralDeepSleepEnable 
00000545  SysCtlPeripheralDisable         
00000509  SysCtlPeripheralEnable          
00000445  SysCtlPeripheralPowerOff        
00000409  SysCtlPeripheralPowerOn         
00000389  SysCtlPeripheralPresent         
000003c9  SysCtlPeripheralReady           
00000481  SysCtlPeripheralReset           
000005cd  SysCtlPeripheralSleepDisable    
00000589  SysCtlPeripheralSleepEnable     
000007c5  SysCtlReset                     
00000881  SysCtlResetBehaviorGet          
00000871  SysCtlResetBehaviorSet          
000007f7  SysCtlResetCauseClear           
000007f1  SysCtlResetCauseGet             
0000032d  SysCtlSRAMSizeGet               
000007cd  SysCtlSleep                     
000007a1  SysCtlSleepPowerSet             
0000105b  SysCtlUSBPLLDisable             
0000104f  SysCtlUSBPLLEnable              
000010a1  SysCtlVCOGet                    
00001089  SysCtlVoltageEventClear         
0000106d  SysCtlVoltageEventConfig        
0000107d  SysCtlVoltageEventStatus        
20000470  __STACK_END                     
00000200  __STACK_SIZE                    
20000470  __STACK_TOP                     
00001d14  __TI_CINIT_Base                 
00001d24  __TI_CINIT_Limit                
00001d10  __TI_Handler_Table_Base         
00001d14  __TI_Handler_Table_Limit        
0000192d  __TI_auto_init_nobinit_nopinit  
ffffffff  __TI_pprof_out_hndl             
ffffffff  __TI_prof_data_size             
ffffffff  __TI_prof_data_start            
00000000  __TI_static_base__              
00001a05  __TI_zero_init_nomemset         
000017c1  __aeabi_memcpy                  
000017c1  __aeabi_memcpy4                 
000017c1  __aeabi_memcpy8                 
ffffffff  __binit__                       
ffffffff  __c_args__                      
UNDEFED   __mpu_init                      
20000270  __stack                         
20000000  __start___llvm_prf_cnts         
20000000  __stop___llvm_prf_cnts          
000019a5  _c_int00_noargs                 
UNDEFED   _system_post_cinit              
00001a6d  _system_pre_init                
00001a71  abort                           
ffffffff  binit                           
00001317  calculateSaatVariables          
20000470  dakika                          
000014bf  enableAckapa                    
20000000  g_pfnRAMVectors                 
00000000  g_pfnVectors                    
00001249  initSaatVariables               
00001263  initSettings                    
000011b9  main                            
000017c1  memcpy                          
00001485  otuzHexgonder                   
20000474  saat                            
20000478  saniye                          
0000136d  showSaatVariables               
000012e7  timerInterrupt                  
000012a7  timerSettings                   


GLOBAL SYMBOLS: SORTED BY Symbol Address 

address   name                            
-------   ----                            
00000000  __TI_static_base__              
00000000  g_pfnVectors                    
00000200  __STACK_SIZE                    
0000032d  SysCtlSRAMSizeGet               
00000337  SysCtlFlashSizeGet              
00000363  SysCtlFlashSectorSizeGet        
00000389  SysCtlPeripheralPresent         
000003c9  SysCtlPeripheralReady           
00000409  SysCtlPeripheralPowerOn         
00000445  SysCtlPeripheralPowerOff        
00000481  SysCtlPeripheralReset           
00000509  SysCtlPeripheralEnable          
00000545  SysCtlPeripheralDisable         
00000589  SysCtlPeripheralSleepEnable     
000005cd  SysCtlPeripheralSleepDisable    
00000609  SysCtlPeripheralDeepSleepEnable 
00000659  SysCtlPeripheralDeepSleepDisable
000006a1  SysCtlPeripheralClockGating     
000006f5  SysCtlIntRegister               
0000070d  SysCtlIntUnregister             
0000071d  SysCtlIntEnable                 
00000731  SysCtlIntDisable                
00000749  SysCtlIntClear                  
00000759  SysCtlIntStatus                 
00000775  SysCtlLDOSleepSet               
00000785  SysCtlLDOSleepGet               
0000078b  SysCtlLDODeepSleepSet           
0000079b  SysCtlLDODeepSleepGet           
000007a1  SysCtlSleepPowerSet             
000007b5  SysCtlDeepSleepPowerSet         
000007c5  SysCtlReset                     
000007cd  SysCtlSleep                     
000007d5  SysCtlDeepSleep                 
000007f1  SysCtlResetCauseGet             
000007f7  SysCtlResetCauseClear           
0000080b  SysCtlMOSCConfigSet             
00000821  SysCtlPIOSCCalibrate            
00000871  SysCtlResetBehaviorSet          
00000881  SysCtlResetBehaviorGet          
000008d1  SysCtlClockFreqSet              
00000bc9  SysCtlClockSet                  
00000d99  SysCtlClockGet                  
00000f3f  SysCtlDeepSleepClockSet         
00000f5d  SysCtlDeepSleepClockConfigSet   
00000fe7  SysCtlPWMClockSet               
00001001  SysCtlPWMClockGet               
00001017  SysCtlGPIOAHBEnable             
00001033  SysCtlGPIOAHBDisable            
0000104f  SysCtlUSBPLLEnable              
0000105b  SysCtlUSBPLLDisable             
0000106d  SysCtlVoltageEventConfig        
0000107d  SysCtlVoltageEventStatus        
00001089  SysCtlVoltageEventClear         
000010a1  SysCtlVCOGet                    
0000115d  SysCtlNMIStatus                 
00001171  SysCtlNMIClear                  
0000118d  SysCtlClockOutConfig            
000011a9  SysCtlAltClkConfig              
000011b9  main                            
00001249  initSaatVariables               
00001263  initSettings                    
000012a7  timerSettings                   
000012e7  timerInterrupt                  
00001317  calculateSaatVariables          
0000136d  showSaatVariables               
00001485  otuzHexgonder                   
000014bf  enableAckapa                    
000014e5  Lcd_ilk_ayarlar                 
0000152b  Lcd_Komut_Gonder                
00001573  Lcd_Tek_Karakter_Yaz            
000015c3  Lcd_Satir_Sutuna_Git            
00001607  Lcd_Temizle                     
00001617  Lcd_Cok_Karakter_Yaz            
00001655  GPIOPadConfigSet                
000017c1  __aeabi_memcpy                  
000017c1  __aeabi_memcpy4                 
000017c1  __aeabi_memcpy8                 
000017c1  memcpy                          
0000185d  IntDisable                      
000018c5  IntEnable                       
0000192d  __TI_auto_init_nobinit_nopinit  
00001971  IntRegister                     
000019a5  _c_int00_noargs                 
000019d9  GPIODirModeSet                  
00001a05  __TI_zero_init_nomemset         
00001a21  GPIOPinTypeGPIOOutput           
00001a3d  IntUnregister                   
00001a51  ResetISR                        
00001a5d  GPIOPinWrite                    
00001a63  SysCtlDelay                     
00001a69  CPUwfi                          
00001a6d  _system_pre_init                
00001a71  C$$EXIT                         
00001a71  abort                           
00001d10  __TI_Handler_Table_Base         
00001d14  __TI_CINIT_Base                 
00001d14  __TI_Handler_Table_Limit        
00001d24  __TI_CINIT_Limit                
20000000  __start___llvm_prf_cnts         
20000000  __stop___llvm_prf_cnts          
20000000  g_pfnRAMVectors                 
20000270  __stack                         
20000470  __STACK_END                     
20000470  __STACK_TOP                     
20000470  dakika                          
20000474  saat                            
20000478  saniye                          
ffffffff  __TI_pprof_out_hndl             
ffffffff  __TI_prof_data_size             
ffffffff  __TI_prof_data_start            
ffffffff  __binit__                       
ffffffff  __c_args__                      
ffffffff  binit                           
UNDEFED   __mpu_init                      
UNDEFED   _system_post_cinit              

[115 symbols]
